com\dew\training\dao\JDBCDaoSupport.class
com\dew\training\dto\JobInfo.class
com\dew\training\dao\impl\UserDaoImpl$2.class
com\dew\training\dto\LoginStatus.class
com\dew\training\enums\FileType.class
com\dew\training\util\ApplicationProperties.class
com\dew\training\dto\EmailLog.class
com\dew\training\enums\UserRole.class
com\dew\training\dto\UserInfo.class
com\dew\training\cron\EmailCron.class
com\dew\training\dto\User.class
com\dew\training\dao\impl\UserDaoImpl$JobInfoRowMapper.class
com\dew\training\dto\College.class
com\dew\training\controller\FrontController.class
com\dew\training\dao\impl\UserDaoImpl$UserInfoRowMapper.class
com\dew\training\dto\Internship.class
com\dew\training\dao\impl\UserDaoImpl$UserRowMapper.class
com\dew\training\logging\MessageLog.class
com\dew\training\util\ApplicationProperties$ApplicationProperty.class
com\dew\training\dto\Work.class
com\dew\training\controller\LoginController.class
com\dew\training\service\EmailService.class
com\dew\training\dao\impl\EmailLogDAOImpl$1.class
com\dew\training\enums\Preference.class
com\dew\training\cron\BaseCron.class
com\dew\training\dao\EmailLogDAO.class
com\dew\training\dao\impl\UserDaoImpl$3.class
com\dew\training\enums\MailMessageType.class
com\dew\training\enums\Start.class
com\dew\training\service\impl\UserServiceImpl.class
com\dew\training\auth\CustomAuthenticationProvider.class
com\dew\training\dao\impl\EmailLogDAOImpl.class
com\dew\training\dao\impl\UserDaoImpl$1.class
com\dew\training\controller\BaseController.class
com\dew\training\enums\JobType.class
com\dew\training\service\impl\EmailServiceImpl.class
com\dew\training\controller\RestAPIController.class
com\dew\training\dao\impl\UserDaoImpl.class
com\dew\training\dto\Schooling.class
com\dew\training\app\MailContentProvider.class
com\dew\training\util\GeneralUtils.class
com\dew\training\util\ApplicationProperties$1.class
com\dew\training\enums\Gender.class
com\dew\training\logging\IMessage.class
com\dew\training\dao\UserDao.class
com\dew\training\service\UserService.class
