C:\Users\Saloni\git\Dew-Training\src\main\java\com\dew\training\dto\Work.java
C:\Users\Saloni\git\Dew-Training\src\main\java\com\dew\training\controller\FrontController.java
C:\Users\Saloni\git\Dew-Training\src\main\java\com\dew\training\controller\LoginController.java
C:\Users\Saloni\git\Dew-Training\src\main\java\com\dew\training\enums\UserRole.java
C:\Users\Saloni\git\Dew-Training\src\main\java\com\dew\training\service\EmailService.java
C:\Users\Saloni\git\Dew-Training\src\main\java\com\dew\training\dto\UserInfo.java
C:\Users\Saloni\git\Dew-Training\src\main\java\com\dew\training\logging\MessageLog.java
C:\Users\Saloni\git\Dew-Training\src\main\java\com\dew\training\util\ApplicationProperties.java
C:\Users\Saloni\git\Dew-Training\src\main\java\com\dew\training\util\GeneralUtils.java
C:\Users\Saloni\git\Dew-Training\src\main\java\com\dew\training\app\MailContentProvider.java
C:\Users\Saloni\git\Dew-Training\src\main\java\com\dew\training\dao\UserDao.java
C:\Users\Saloni\git\Dew-Training\src\main\java\com\dew\training\dto\College.java
C:\Users\Saloni\git\Dew-Training\src\main\java\com\dew\training\dao\impl\UserDaoImpl.java
C:\Users\Saloni\git\Dew-Training\src\main\java\com\dew\training\enums\Start.java
C:\Users\Saloni\git\Dew-Training\src\main\java\com\dew\training\dto\EmailLog.java
C:\Users\Saloni\git\Dew-Training\src\main\java\com\dew\training\dto\Schooling.java
C:\Users\Saloni\git\Dew-Training\src\main\java\com\dew\training\dto\JobInfo.java
C:\Users\Saloni\git\Dew-Training\src\main\java\com\dew\training\dto\LoginStatus.java
C:\Users\Saloni\git\Dew-Training\src\main\java\com\dew\training\enums\Preference.java
C:\Users\Saloni\git\Dew-Training\src\main\java\com\dew\training\logging\IMessage.java
C:\Users\Saloni\git\Dew-Training\src\main\java\com\dew\training\service\UserService.java
C:\Users\Saloni\git\Dew-Training\src\main\java\com\dew\training\cron\BaseCron.java
C:\Users\Saloni\git\Dew-Training\src\main\java\com\dew\training\dao\JDBCDaoSupport.java
C:\Users\Saloni\git\Dew-Training\src\main\java\com\dew\training\service\impl\UserServiceImpl.java
C:\Users\Saloni\git\Dew-Training\src\main\java\com\dew\training\controller\RestAPIController.java
C:\Users\Saloni\git\Dew-Training\src\main\java\com\dew\training\dto\Internship.java
C:\Users\Saloni\git\Dew-Training\src\main\java\com\dew\training\enums\JobType.java
C:\Users\Saloni\git\Dew-Training\src\main\java\com\dew\training\cron\EmailCron.java
C:\Users\Saloni\git\Dew-Training\src\main\java\com\dew\training\controller\BaseController.java
C:\Users\Saloni\git\Dew-Training\src\main\java\com\dew\training\auth\CustomAuthenticationProvider.java
C:\Users\Saloni\git\Dew-Training\src\main\java\com\dew\training\service\impl\EmailServiceImpl.java
C:\Users\Saloni\git\Dew-Training\src\main\java\com\dew\training\enums\MailMessageType.java
C:\Users\Saloni\git\Dew-Training\src\main\java\com\dew\training\dto\User.java
C:\Users\Saloni\git\Dew-Training\src\main\java\com\dew\training\enums\Gender.java
C:\Users\Saloni\git\Dew-Training\src\main\java\com\dew\training\enums\FileType.java
C:\Users\Saloni\git\Dew-Training\src\main\java\com\dew\training\dao\EmailLogDAO.java
C:\Users\Saloni\git\Dew-Training\src\main\java\com\dew\training\dao\impl\EmailLogDAOImpl.java
